TLC2 Version 2.19 of 08 August 2024 (rev: 5a47802)
Running breadth-first search Model-Checking with fp 120 and seed 8130999206131426770 with 1 worker on 8 cores with 5461MB heap and 64MB offheap memory [pid: 51112] (Mac OS X 26.4 aarch64, Homebrew 25.0.2 x86_64, MSBDiskFPSet, DiskStateQueue).
Parsing file models/tla/specs/AgentCoordination.tla
Parsing file /private/var/folders/w_/pr8gqt0d75zc0010zx43zj5c0000gn/T/Naturals.tla
Parsing file /private/var/folders/w_/pr8gqt0d75zc0010zx43zj5c0000gn/T/FiniteSets.tla
Parsing file /private/var/folders/w_/pr8gqt0d75zc0010zx43zj5c0000gn/T/TLC.tla
Parsing file /private/var/folders/w_/pr8gqt0d75zc0010zx43zj5c0000gn/T/Sequences.tla
Semantic processing of module Naturals
Semantic processing of module Sequences
Semantic processing of module FiniteSets
Semantic processing of module TLC
Semantic processing of module AgentCoordination
Starting... (2026-03-08 00:20:51)
Computing initial states...
Finished computing initial states: 1 distinct state generated at 2026-03-08 00:20:51.
Model checking completed. No error has been found.
  Estimates of the probability that TLC did not check all reachable states
  because two distinct states had the same fingerprint:
  calculated (optimistic):  val = 2.6E-12
18945 states generated, 2972 distinct states found, 0 states left on queue.
The depth of the complete state graph search is 7.
The average outdegree of the complete state graph is 1 (minimum is 0, the maximum 10 and the 95th percentile is 4).
Finished in 01s at (2026-03-08 00:20:52)
